xacro: in-order processing became default in ROS Melodic. You can drop the option.
[0m[INFO] [1788175041.814307425]: Finished loading Gazebo ROS API Plugin.[0m
[0m[INFO] [1788175041.816817233]: waitForService: Service [/gazebo/set_physics_properties] has not been advertised, waiting...[0m
[0m[INFO] [1788175045.675404990, 0.012000000]: waitForService: Service [/gazebo/set_physics_properties] is now available.[0m
[0m[INFO] [1788175046.086377015, 0.408000000]: Physics dynamic reconfigure ready.[0m
[0m[INFO] [1788175046.452271347, 0.590000000]: <initialOrientationAsReference> is unset, using default value of false to comply with REP 145 (world as orientation reference)[0m
[0m[INFO] [1788175046.452346520, 0.590000000]: <robotNamespace> set to: //[0m
[0m[INFO] [1788175046.452358973, 0.590000000]: <topicName> set to: trunk_imu[0m
[0m[INFO] [1788175046.452365953, 0.590000000]: <frameName> set to: imu_link[0m
[0m[INFO] [1788175046.452393378, 0.590000000]: <updateRateHZ> set to: 1000[0m
[0m[INFO] [1788175046.452422766, 0.590000000]: <gaussianNoise> set to: 0[0m
[0m[INFO] [1788175046.452465942, 0.590000000]: <xyzOffset> set to: 0 0 0[0m
[0m[INFO] [1788175046.452506478, 0.590000000]: <rpyOffset> set to: 0 -0 0[0m
[0m[INFO] [1788175046.455115698, 0.590000000]: <initialOrientationAsReference> is unset, using default value of false to comply with REP 145 (world as orientation reference)[0m
[0m[INFO] [1788175046.455161966, 0.590000000]: <robotNamespace> set to: //[0m
[0m[INFO] [1788175046.455171286, 0.590000000]: <topicName> set to: /livox/imu[0m
[0m[INFO] [1788175046.455180307, 0.590000000]: <frameName> set to: livox_imu_link[0m
[0m[INFO] [1788175046.455198275, 0.590000000]: <updateRateHZ> set to: 1000[0m
[0m[INFO] [1788175046.455226814, 0.590000000]: <gaussianNoise> set to: 0[0m
[0m[INFO] [1788175046.455263379, 0.590000000]: <xyzOffset> set to: 0 0 0[0m
[0m[INFO] [1788175046.455297719, 0.590000000]: <rpyOffset> set to: 0 -0 0[0m
[0m[INFO] [1788175046.286618687, 0.590000000]: load csv file name:/home/ruilinli/SimEnv/src/unitree_guide/unitree_ros/robots/a1_description/scan_mode/mid360.csv[0m
cannot convert str:
data size:800000

libcurl: (35) OpenSSL SSL_connect: SSL_ERROR_SYSCALL in connection to fuel.ignitionrobotics.org:443 

libcurl: (35) OpenSSL SSL_connect: SSL_ERROR_SYSCALL in connection to fuel.gazebosim.org:443 
[INFO] [1788175041.295658, 0.000000]: Loading model XML from ros parameter robot_description
[INFO] [1788175041.304896, 0.000000]: Waiting for service /gazebo/spawn_urdf_model
[INFO] [1788175045.836416, 0.130000]: Calling service /gazebo/spawn_urdf_model
[INFO] [1788175047.461129, 0.590000]: Spawn status: SpawnModel: Successfully spawned entity
[INFO] [1788175047.462774, 0.590000]: Waiting for service /gazebo/set_model_configuration
[INFO] [1788175047.467151, 0.590000]: temporary hack to **fix** the -J joint position option (issue #93), sleeping for 1 second to avoid race condition.
[INFO] [1788175048.471771, 0.590000]: Calling service /gazebo/set_model_configuration
[INFO] [1788175048.479684, 0.590000]: Set model configuration status: SetModelConfiguration: success
[INFO] [1788175041.334543, 0.000000]: Blind range : 0.5 m
[INFO] [1788175041.338094, 0.000000]: Angle filter : -7 ~ 55 deg
[INFO] [1788175041.341530, 0.000000]: Use ground-truth odom for /livox/Pointcloud2: False
[INFO] [1788175041.347784, 0.000000]: === Pointcloud2livox STARTED ===
[INFO] [1788175041.348946, 0.000000]: Local sensor frame: laser_livox
[WARN] [1788176677.062866, 1400.746000]: Controller Spawner error while taking down controllers: transport error completing service call: unable to receive data from sender, check sender's logs for details
[31m[gazebo_gui-3] escalating to SIGTERM[0m
[31m[a1_gazebo/controller_spawner-5] escalating to SIGTERM[0m
[31m[gazebo-2] escalating to SIGTERM[0m
... logging to /home/ruilinli/.ros/log/87e8c5f4-a52d-11f1-b097-5dd0d0d81e8a/roslaunch-LAPTOP-OSA18K6E-3421.log
Checking log directory for disk usage. This may take a while.
Press Ctrl-C to interrupt
Done checking log file disk usage. Usage is <1GB.
]2;/home/ruilinli/SimEnv/src/unitree_guide/unitree_guide/unitree_guide/launch/multi_floor_gazeboSim.launch
[1mstarted roslaunch server http://LAPTOP-OSA18K6E:45467/[0m

SUMMARY
========

PARAMETERS
 * /a1_gazebo/FL_calf_controller/joint: FL_calf_joint
 * /a1_gazebo/FL_calf_controller/pid/d: 8.0
 * /a1_gazebo/FL_calf_controller/pid/i: 0.0
 * /a1_gazebo/FL_calf_controller/pid/p: 300.0
 * /a1_gazebo/FL_calf_controller/type: unitree_legged_co...
 * /a1_gazebo/FL_hip_controller/joint: FL_hip_joint
 * /a1_gazebo/FL_hip_controller/pid/d: 5.0
 * /a1_gazebo/FL_hip_controller/pid/i: 0.0
 * /a1_gazebo/FL_hip_controller/pid/p: 100.0
 * /a1_gazebo/FL_hip_controller/type: unitree_legged_co...
 * /a1_gazebo/FL_thigh_controller/joint: FL_thigh_joint
 * /a1_gazebo/FL_thigh_controller/pid/d: 8.0
 * /a1_gazebo/FL_thigh_controller/pid/i: 0.0
 * /a1_gazebo/FL_thigh_controller/pid/p: 300.0
 * /a1_gazebo/FL_thigh_controller/type: unitree_legged_co...
 * /a1_gazebo/FR_calf_controller/joint: FR_calf_joint
 * /a1_gazebo/FR_calf_controller/pid/d: 8.0
 * /a1_gazebo/FR_calf_controller/pid/i: 0.0
 * /a1_gazebo/FR_calf_controller/pid/p: 300.0
 * /a1_gazebo/FR_calf_controller/type: unitree_legged_co...
 * /a1_gazebo/FR_hip_controller/joint: FR_hip_joint
 * /a1_gazebo/FR_hip_controller/pid/d: 5.0
 * /a1_gazebo/FR_hip_controller/pid/i: 0.0
 * /a1_gazebo/FR_hip_controller/pid/p: 100.0
 * /a1_gazebo/FR_hip_controller/type: unitree_legged_co...
 * /a1_gazebo/FR_thigh_controller/joint: FR_thigh_joint
 * /a1_gazebo/FR_thigh_controller/pid/d: 8.0
 * /a1_gazebo/FR_thigh_controller/pid/i: 0.0
 * /a1_gazebo/FR_thigh_controller/pid/p: 300.0
 * /a1_gazebo/FR_thigh_controller/type: unitree_legged_co...
 * /a1_gazebo/RL_calf_controller/joint: RL_calf_joint
 * /a1_gazebo/RL_calf_controller/pid/d: 8.0
 * /a1_gazebo/RL_calf_controller/pid/i: 0.0
 * /a1_gazebo/RL_calf_controller/pid/p: 300.0
 * /a1_gazebo/RL_calf_controller/type: unitree_legged_co...
 * /a1_gazebo/RL_hip_controller/joint: RL_hip_joint
 * /a1_gazebo/RL_hip_controller/pid/d: 5.0
 * /a1_gazebo/RL_hip_controller/pid/i: 0.0
 * /a1_gazebo/RL_hip_controller/pid/p: 100.0
 * /a1_gazebo/RL_hip_controller/type: unitree_legged_co...
 * /a1_gazebo/RL_thigh_controller/joint: RL_thigh_joint
 * /a1_gazebo/RL_thigh_controller/pid/d: 8.0
 * /a1_gazebo/RL_thigh_controller/pid/i: 0.0
 * /a1_gazebo/RL_thigh_controller/pid/p: 300.0
 * /a1_gazebo/RL_thigh_controller/type: unitree_legged_co...
 * /a1_gazebo/RR_calf_controller/joint: RR_calf_joint
 * /a1_gazebo/RR_calf_controller/pid/d: 8.0
 * /a1_gazebo/RR_calf_controller/pid/i: 0.0
 * /a1_gazebo/RR_calf_controller/pid/p: 300.0
 * /a1_gazebo/RR_calf_controller/type: unitree_legged_co...
 * /a1_gazebo/RR_hip_controller/joint: RR_hip_joint
 * /a1_gazebo/RR_hip_controller/pid/d: 5.0
 * /a1_gazebo/RR_hip_controller/pid/i: 0.0
 * /a1_gazebo/RR_hip_controller/pid/p: 100.0
 * /a1_gazebo/RR_hip_controller/type: unitree_legged_co...
 * /a1_gazebo/RR_thigh_controller/joint: RR_thigh_joint
 * /a1_gazebo/RR_thigh_controller/pid/d: 8.0
 * /a1_gazebo/RR_thigh_controller/pid/i: 0.0
 * /a1_gazebo/RR_thigh_controller/pid/p: 300.0
 * /a1_gazebo/RR_thigh_controller/type: unitree_legged_co...
 * /a1_gazebo/joint_state_controller/publish_rate: 1000
 * /a1_gazebo/joint_state_controller/type: joint_state_contr...
 * /gazebo/enable_ros_network: True
 * /pointcloud2livox/laser_blind: 0.5
 * /pointcloud2livox/max_angle: 55
 * /pointcloud2livox/min_angle: -7
 * /pointcloud2livox/use_ground_truth_odom: False
 * /robot_description: <?xml version="1....
 * /robot_name: a1
 * /rosdistro: noetic
 * /rosversion: 1.17.4
 * /use_sim_time: True
 * /world_file: /home/ruilinli/Si...

NODES
  /
    gazebo (gazebo_ros/gzserver)
    gazebo_gui (gazebo_ros/gzclient)
    pointcloud2livox (unitree_guide/pointcloud2livox.py)
    robot_state_publisher (robot_state_publisher/robot_state_publisher)
    urdf_spawner (gazebo_ros/spawn_model)
  /a1_gazebo/
    controller_spawner (controller_manager/spawner)

auto-starting new master
[1mprocess[master]: started with pid [3478][0m
[1mROS_MASTER_URI=http://localhost:11311[0m
]2;/home/ruilinli/SimEnv/src/unitree_guide/unitree_guide/unitree_guide/launch/multi_floor_gazeboSim.launch http://localhost:11311
[1msetting /run_id to 87e8c5f4-a52d-11f1-b097-5dd0d0d81e8a[0m
[1mprocess[rosout-1]: started with pid [3496][0m
started core service [/rosout]
[1mprocess[gazebo-2]: started with pid [3508][0m
[1mprocess[gazebo_gui-3]: started with pid [3512][0m
[1mprocess[urdf_spawner-4]: started with pid [3517][0m
[1mprocess[a1_gazebo/controller_spawner-5]: started with pid [3519][0m
[1mprocess[robot_state_publisher-6]: started with pid [3520][0m
[1mprocess[pointcloud2livox-7]: started with pid [3522][0m
[1m[urdf_spawner-4] process has finished cleanly
log file: /home/ruilinli/.ros/log/87e8c5f4-a52d-11f1-b097-5dd0d0d81e8a/urdf_spawner-4*.log[0m
[pointcloud2livox-7] killing on exit
[robot_state_publisher-6] killing on exit
[gazebo_gui-3] killing on exit
[a1_gazebo/controller_spawner-5] killing on exit
[gazebo-2] killing on exit
[rosout-1] killing on exit
[master] killing on exit
shutting down processing monitor...
... shutting down processing monitor complete
[1mdone[0m
